=== nonidempotent: WAVE 1 (generic, defect-blind) ===
  wave 1 (initial): 3 scenario(s) accepted — gen-happy-approve, gen-persist-approve, gen-idempotent-approve
=== nonidempotent: EXECUTING WAVE-1 SUITE AGAINST THE REAL APP ===
  → permanent:approval-smoke (permanent)
  → gen-idempotent-approve (generated)
  → gen-persist-approve (generated)
  → gen-happy-approve (generated)
3 generated case(s) + 1 permanent regression scenario(s): 3 passed, 1 failed, 0 blocked, 0 skipped
risk categories exercised: happy_path, idempotency, persistence_failure

FAILURES:
  [FAIL] P0 generated gen-idempotent-approve  (idempotency)  — expect_state: exactly one payment: contains 'payments=1' — not found in command output
      generated because: R2
      verifies: AC-APPROVAL-001
      failed: expect_state: exactly one payment: contains 'payments=1' — not found in command output
      failed: expect_state: exactly one payment: must not contain 'payments=2' — unexpectedly present
      evidence: r5/raw/nodiff1/artifacts-w1/scenarios/gen-idempotent-approve

1 unresolved high-priority scenario failure(s)
This states verified coverage. It is not a claim that all possible cases were verified.
=== nonidempotent: WAVE 2 (adaptive expansion from 1 failure(s)) ===
  1 proposed scenario(s) refused:
    - gen-restart-approve: unsafe or unapproved operation: command is not in the approved set: 'Choose invoice id inv-rr1 that no other scenario touches'. Generated scenarios may only run commands a human already approved.
  wave 2 (adaptive): 4 scenario(s) accepted — gen-concurrent-approve, gen-missing-invoice-approve, gen-malformed-approve, gen-idempotent-across-restart
wave 2 produced 4 accepted scenario(s):
  [P1 concurrency] gen-concurrent-approve: Simultaneous approvals of one invoice record a single durable approval
  [P1 missing_data] gen-missing-invoice-approve: Approving an unknown invoice records no phantom approval
  [P2 malformed_input] gen-malformed-approve: Malformed approval body is rejected without mutating state
  [P1 idempotency] gen-idempotent-across-restart: Re-approving after a restart stays single and durable
waves_used=2 budget_exhausted=False
