=== ui_lies: WAVE 1 (generic, defect-blind) ===
  wave 1 (initial): 3 scenario(s) accepted — gen-happy-approve, gen-persist-approve, gen-idempotent-approve
=== ui_lies: EXECUTING WAVE-1 SUITE AGAINST THE REAL APP ===
  → permanent:approval-smoke (permanent)
  → gen-idempotent-approve (generated)
  → gen-persist-approve (generated)
  → gen-happy-approve (generated)
3 generated case(s) + 1 permanent regression scenario(s): 1 passed, 3 failed, 0 blocked, 0 skipped
risk categories exercised: happy_path, idempotency, persistence_failure

FAILURES:
  [FAIL] P0 permanent permanent:approval-smoke  — expect_state: python3 r5/fixture/state.py SMOKE: contains 'status=approved' — not found in command output
      failed: expect_state: python3 r5/fixture/state.py SMOKE: contains 'status=approved' — not found in command output
      evidence: r5/raw/real2/artifacts-w1/scenarios/permanent-approval-smoke
  [FAIL] P0 generated gen-idempotent-approve  (idempotency)  — expect_state: exactly one payment: contains 'payments=1' — not found in command output
      generated because: R2
      verifies: AC-APPROVAL-001
      failed: expect_state: exactly one payment: contains 'payments=1' — not found in command output
      evidence: r5/raw/real2/artifacts-w1/scenarios/gen-idempotent-approve
  [FAIL] P0 generated gen-persist-approve  (persistence_failure)  — expect_state: durable store shows approved: contains 'status=approved' — not found in command output
      generated because: R1
      verifies: AC-APPROVAL-001
      failed: expect_state: durable store shows approved: contains 'status=approved' — not found in command output
      evidence: r5/raw/real2/artifacts-w1/scenarios/gen-persist-approve

3 unresolved high-priority scenario failure(s)
This states verified coverage. It is not a claim that all possible cases were verified.
=== ui_lies: WAVE 2 (adaptive expansion from 3 failure(s)) ===
  wave 2 (adaptive): 4 scenario(s) accepted — wave2-concurrent-approve, wave2-reread-persists-after-activity, wave2-timeout-durable-record, wave2-retry-after-ambiguous-timeout
wave 2 produced 4 accepted scenario(s):
  [P0 concurrency] wave2-concurrent-approve: Two simultaneous approvals of one invoice record a single payment durably
  [P0 stale_state] wave2-reread-persists-after-activity: Approval survives a fresh-process re-read after intervening operations
  [P0 timeout_after_effect] wave2-timeout-durable-record: Approval is durably recorded even when the client request times out
  [P1 retry_safety] wave2-retry-after-ambiguous-timeout: Retrying an approve after an ambiguous timeout does not double-pay
waves_used=2 budget_exhausted=False
