=== ui_lies: WAVE 1 (generic, defect-blind) ===
  wave 1 (initial): 3 scenario(s) accepted — gen-happy-approve, gen-persist-approve, gen-idempotent-approve
=== ui_lies: EXECUTING WAVE-1 SUITE AGAINST THE REAL APP ===
  → permanent:approval-smoke (permanent)
  → gen-idempotent-approve (generated)
  → gen-persist-approve (generated)
  → gen-happy-approve (generated)
3 generated case(s) + 1 permanent regression scenario(s): 1 passed, 3 failed, 0 blocked, 0 skipped
risk categories exercised: happy_path, idempotency, persistence_failure

FAILURES:
  [FAIL] P0 permanent permanent:approval-smoke  — expect_state: python3 r5/fixture/state.py SMOKE: contains 'status=approved' — not found in command output
      failed: expect_state: python3 r5/fixture/state.py SMOKE: contains 'status=approved' — not found in command output
      evidence: r5/raw/real2c/artifacts-w1/scenarios/permanent-approval-smoke
  [FAIL] P0 generated gen-idempotent-approve  (idempotency)  — expect_state: exactly one payment: contains 'payments=1' — not found in command output
      generated because: R2
      verifies: AC-APPROVAL-001
      failed: expect_state: exactly one payment: contains 'payments=1' — not found in command output
      evidence: r5/raw/real2c/artifacts-w1/scenarios/gen-idempotent-approve
  [FAIL] P0 generated gen-persist-approve  (persistence_failure)  — expect_state: durable store shows approved: contains 'status=approved' — not found in command output
      generated because: R1
      verifies: AC-APPROVAL-001
      failed: expect_state: durable store shows approved: contains 'status=approved' — not found in command output
      evidence: r5/raw/real2c/artifacts-w1/scenarios/gen-persist-approve

3 unresolved high-priority scenario failure(s)
This states verified coverage. It is not a claim that all possible cases were verified.
=== ui_lies: WAVE 2 (adaptive expansion from 3 failure(s)) ===
  wave 2 (adaptive): 5 scenario(s) accepted — gen-ui-vs-durable, gen-timeout-after-effect, gen-retry-after-timeout, gen-concurrent-approve, gen-approve-missing-actor
wave 2 produced 5 accepted scenario(s):
  [P0 ui_backend_disagreement] gen-ui-vs-durable: API claims approved but the durable re-read must agree
  [P0 timeout_after_effect] gen-timeout-after-effect: Approve that stalls past client timeout must still have persisted exactly once
  [P0 retry_safety] gen-retry-after-timeout: Client retry after an ambiguous timeout must not double-pay
  [P1 concurrency] gen-concurrent-approve: Two simultaneous approvals of one invoice pay exactly once
  [P2 missing_data] gen-approve-missing-actor: Approve with no actor still records durably
waves_used=2 budget_exhausted=False
