=== nonidempotent: WAVE 1 (generic, defect-blind) ===
  wave 1 (initial): 3 scenario(s) accepted — gen-happy-approve, gen-persist-approve, gen-idempotent-approve
=== nonidempotent: EXECUTING WAVE-1 SUITE AGAINST THE REAL APP ===
  → permanent:approval-smoke (permanent)
  → gen-idempotent-approve (generated)
  → gen-persist-approve (generated)
  → gen-happy-approve (generated)
3 generated case(s) + 1 permanent regression scenario(s): 3 passed, 1 failed, 0 blocked, 0 skipped
risk categories exercised: happy_path, idempotency, persistence_failure

FAILURES:
  [FAIL] P0 generated gen-idempotent-approve  (idempotency)  — expect_state: exactly one payment: contains 'payments=1' — not found in command output
      generated because: R2
      verifies: AC-APPROVAL-001
      failed: expect_state: exactly one payment: contains 'payments=1' — not found in command output
      failed: expect_state: exactly one payment: must not contain 'payments=2' — unexpectedly present
      evidence: r5/raw/real1c/artifacts-w1/scenarios/gen-idempotent-approve

1 unresolved high-priority scenario failure(s)
This states verified coverage. It is not a claim that all possible cases were verified.
=== nonidempotent: WAVE 2 (adaptive expansion from 1 failure(s)) ===
  wave 2 (adaptive): 5 scenario(s) accepted — gen-w2-ui-disagree, gen-w2-restart-survives, gen-w2-timeout-after-effect, gen-w2-concurrent-approve, gen-w2-invoice-isolation
wave 2 produced 5 accepted scenario(s):
  [P0 ui_backend_disagreement] gen-w2-ui-disagree: API read says approved but durable store must agree
  [P0 restart_recovery] gen-w2-restart-survives: Approval survives a service restart / re-read of persisted state
  [P0 timeout_after_effect] gen-w2-timeout-after-effect: Approve that times out client-side must have either not paid or paid exactly once
  [P1 concurrency] gen-w2-concurrent-approve: Two simultaneous approvals of one invoice pay exactly once
  [P2 boundary] gen-w2-invoice-isolation: Approving one invoice leaves other invoices untouched
waves_used=2 budget_exhausted=False
