=== nonidempotent: WAVE 1 (generic, defect-blind) ===
  wave 1 (initial): 3 scenario(s) accepted — gen-happy-approve, gen-persist-approve, gen-idempotent-approve
=== nonidempotent: EXECUTING WAVE-1 SUITE AGAINST THE REAL APP ===
  → permanent:approval-smoke (permanent)
  → gen-idempotent-approve (generated)
  → gen-persist-approve (generated)
  → gen-happy-approve (generated)
3 generated case(s) + 1 permanent regression scenario(s): 3 passed, 1 failed, 0 blocked, 0 skipped
risk categories exercised: happy_path, idempotency, persistence_failure

FAILURES:
  [FAIL] P0 generated gen-idempotent-approve  (idempotency)  — expect_state: exactly one payment: contains 'payments=1' — not found in command output
      generated because: R2
      verifies: AC-APPROVAL-001
      failed: expect_state: exactly one payment: contains 'payments=1' — not found in command output
      failed: expect_state: exactly one payment: must not contain 'payments=2' — unexpectedly present
      evidence: r5/raw/real1b/artifacts-w1/scenarios/gen-idempotent-approve

1 unresolved high-priority scenario failure(s)
This states verified coverage. It is not a claim that all possible cases were verified.
=== nonidempotent: WAVE 2 (adaptive expansion from 1 failure(s)) ===
  5 proposed scenario(s) refused:
    - v2-approve-malformed-body-still-durable: actions.0.request.raw_body: Extra inputs are not permitted
    - v2-approve-timeout-ambiguity: unsafe or unapproved operation: command is not in the approved set: 'Use invoice id INV-W2TMO, which no other scenario touches, so its record starts absent/pending.'. Generated scenarios may only run commands a human already approved.
    - v2-approve-concurrent-once: unsafe or unapproved operation: command is not in the approved set: 'Use invoice id INV-W2RACE, untouched by other scenarios, so it starts pending.'. Generated scenarios may only run commands a human already approved.
    - v2-approve-survives-independent-reread: unsafe or unapproved operation: command is not in the approved set: 'Use invoice id INV-W2RRD, untouched by other scenarios.'. Generated scenarios may only run commands a human already approved.
    - v2-approve-does-not-leak-to-other-invoice: unsafe or unapproved operation: command is not in the approved set: 'Touch INV-W2LKB via a GET so it exists in the store as pending, then approve only INV-W2LKA.'. Generated scenarios may only run commands a human already approved.
wave 2 produced 0 accepted scenario(s):
waves_used=2 budget_exhausted=False
